Elevating Simplicity, Empowering Functionality | anic17 Software | https://anic17.github.io
Newtrodit: Revolutionizing your coding experience | anic17 Software | https://anic17.github.io/Newtrodit
Try out Newtrodit, the editor everyone's talking about! | https://anic17.github.io/Newtrodit
anic17 Software | Essential utilities and software, for everyone | https://anic17.github.io
Newtrodit: Redefining code with precision and simplicity. Elevate coding now!
Efficient coding with Newtrodit - sleek, powerful, and future-focused. Try it!
Newtrodit: Tailor your code effortlessly. Simplicity meets sophistication in every keystroke.
Stay protected with Batch Antivirus. Powerful defense, weekly updates - effortless security.
Defend with Batch Antivirus: Robust, batch-powered security. Weekly updates, always ahead.
Batch Antivirus: Written in batch, fortified for protection. Weekly updates, solid defense.
anic17 Software | Essential utilities and software, for everyone | https://anic17.github.io
DiskRead: Explore files effortlessly. Read, export, analyze data seamlessly. Precision simplified.
anic17 Software | Essential utilities and software, for everyone | https://anic17.github.io
Read hidden files with DiskRead: Versatile, powerful - your window to raw data.
DiskRead: Your data, your control. Effortless reading, exporting, and raw analyzing.
Complex: Elevate C math. Precision simplified, defining a new standard.
Take C programming higher with Complex. Extensive, precise - redefine math.
Empower C programming with Complex Numbers - Versatile, comprehensive, powerful
Simplify browsing with Homepage. Minimalist, intuitive - start your day effortlessly.
Enhance your front page with Homepage. Minimalist and seamlesss, to access your favorites quickly.
Homepage: Where simplicity meets efficiency. Start your browsing journey effortlessly.
Scripting Windows Host: Streamlined scripting. Intuitive interface, powerful automation - script effortlessly.
Explore Scripting Windows Host. Fusion of shell, scripting - customize Windows effortlessly.
Elevate Windows experience with Scripting Windows Host. More than a shell.